###############################################################################
#
# IAR ELF Linker V8.50.9.278/W32 for ARM                  26/Jul/2022  20:32:49
# Copyright 2007-2020 IAR Systems AB.
#
#    Output file  =
#        C:\Users\akhilf\Downloads\NymbleTest\compiler\iar\_build\NymbleTest.out
#    Map file     =
#        C:\Users\akhilf\Downloads\NymbleTest\compiler\iar\_build\NymbleTest.map
#    Command line =
#        -f C:\Users\akhilf\AppData\Local\Temp\EW7A74.tmp
#        (C:\Users\akhilf\Downloads\NymbleTest\compiler\iar\_build\app_error.o
#        C:\Users\akhilf\Downloads\NymbleTest\compiler\iar\_build\app_error_handler_iar.o
#        C:\Users\akhilf\Downloads\NymbleTest\compiler\iar\_build\app_error_weak.o
#        C:\Users\akhilf\Downloads\NymbleTest\compiler\iar\_build\app_fifo.o
#        C:\Users\akhilf\Downloads\NymbleTest\compiler\iar\_build\app_timer2.o
#        C:\Users\akhilf\Downloads\NymbleTest\compiler\iar\_build\app_uart_fifo.o
#        C:\Users\akhilf\Downloads\NymbleTest\compiler\iar\_build\app_util_platform.o
#        C:\Users\akhilf\Downloads\NymbleTest\compiler\iar\_build\drv_rtc.o
#        C:\Users\akhilf\Downloads\NymbleTest\compiler\iar\_build\iar_startup_nrf52.o
#        C:\Users\akhilf\Downloads\NymbleTest\compiler\iar\_build\main.o
#        C:\Users\akhilf\Downloads\NymbleTest\compiler\iar\_build\nrf_atfifo.o
#        C:\Users\akhilf\Downloads\NymbleTest\compiler\iar\_build\nrf_atomic.o
#        C:\Users\akhilf\Downloads\NymbleTest\compiler\iar\_build\nrf_balloc.o
#        C:\Users\akhilf\Downloads\NymbleTest\compiler\iar\_build\nrf_drv_clock.o
#        C:\Users\akhilf\Downloads\NymbleTest\compiler\iar\_build\nrf_drv_uart.o
#        C:\Users\akhilf\Downloads\NymbleTest\compiler\iar\_build\nrf_fprintf.o
#        C:\Users\akhilf\Downloads\NymbleTest\compiler\iar\_build\nrf_fprintf_format.o
#        C:\Users\akhilf\Downloads\NymbleTest\compiler\iar\_build\nrf_log_frontend.o
#        C:\Users\akhilf\Downloads\NymbleTest\compiler\iar\_build\nrf_memobj.o
#        C:\Users\akhilf\Downloads\NymbleTest\compiler\iar\_build\nrf_pwr_mgmt.o
#        C:\Users\akhilf\Downloads\NymbleTest\compiler\iar\_build\nrf_section_iter.o
#        C:\Users\akhilf\Downloads\NymbleTest\compiler\iar\_build\nrf_sortlist.o
#        C:\Users\akhilf\Downloads\NymbleTest\compiler\iar\_build\nrfx_atomic.o
#        C:\Users\akhilf\Downloads\NymbleTest\compiler\iar\_build\nrfx_clock.o
#        C:\Users\akhilf\Downloads\NymbleTest\compiler\iar\_build\nrfx_prs.o
#        C:\Users\akhilf\Downloads\NymbleTest\compiler\iar\_build\nrfx_uart.o
#        C:\Users\akhilf\Downloads\NymbleTest\compiler\iar\_build\nrfx_uarte.o
#        C:\Users\akhilf\Downloads\NymbleTest\compiler\iar\_build\Nymble_Crc8.o
#        C:\Users\akhilf\Downloads\NymbleTest\compiler\iar\_build\Nymble_eeprom.o
#        C:\Users\akhilf\Downloads\NymbleTest\compiler\iar\_build\Nymble_Msg.o
#        C:\Users\akhilf\Downloads\NymbleTest\compiler\iar\_build\Nymble_Power.o
#        C:\Users\akhilf\Downloads\NymbleTest\compiler\iar\_build\Nymble_Sm.o
#        C:\Users\akhilf\Downloads\NymbleTest\compiler\iar\_build\Nymble_Uart.o
#        C:\Users\akhilf\Downloads\NymbleTest\compiler\iar\_build\system_nrf52.o
#        --redirect _Printf=_PrintfFull --redirect _Scanf=_ScanfFull
#        --no_out_extension -o
#        C:\Users\akhilf\Downloads\NymbleTest\compiler\iar\_build\NymbleTest.out
#        --map
#        C:\Users\akhilf\Downloads\NymbleTest\compiler\iar\_build\NymbleTest.map
#        --config
#        C:\Users\akhilf\Downloads\NymbleTest\compiler\iar\NymbleTest.icf
#        --warnings_are_errors --entry __iar_program_start --inline --vfe
#        --text_out locale)
#
###############################################################################

*******************************************************************************
*** RUNTIME MODEL ATTRIBUTES
***

CppFlavor       = *
__SystemLibrary = DLib
__dlib_version  = 6


*******************************************************************************
*** HEAP SELECTION
***

The basic heap was selected because no calls to memory allocation
functions were found in the application outside of system library
functions, and there are calls to deallocation functions in the
application.


*******************************************************************************
*** PLACEMENT SUMMARY
***

"A0":  place at address 0x0 { ro section .intvec };
define block RO_END with size = 0, alignment = 8 { };
"P1":  place in [from 0x0 to 0x7'ffff] { ro, block RO_END };
define block CSTACK with size = 15'000, alignment = 8 { };
define block HEAP with size = 20'000, alignment = 8 { };
"P2":  place in [from 0x2000'0000 to 0x2000'ffff] {
          rw, block CSTACK, block HEAP };
initialize by copy { rw };
keep { section .intvec };

  Section            Kind         Address    Size  Object
  -------            ----         -------    ----  ------
"A0":                                       0x200
  .intvec            ro code          0x0   0x200  iar_startup_nrf52.o [1]
                                  - 0x200   0x200

"P1":                                      0x3a42
  .text              ro code        0x200   0x768  nrfx_uart.o [1]
  .text              ro code        0x968    0x66  nrfx_prs.o [1]
  .text              ro code        0x9ce    0x3a  zero_init3.o [4]
  .text              ro code        0xa08    0x38  app_util_platform.o [1]
  .text              ro code        0xa40   0x700  nrfx_uarte.o [1]
  .text              ro code       0x1140   0x634  nrf_log_frontend.o [1]
  .text              ro code       0x1774    0xa2  nrf_atomic.o [1]
  .text              ro code       0x1816   0x1fc  nrf_memobj.o [1]
  .text              ro code       0x1a12    0x96  nrf_balloc.o [1]
  .text              ro code       0x1aa8    0xa6  ABImemcpy.o [4]
  .text              ro code       0x1b4e    0x2e  copy_init3.o [4]
  .text              ro code       0x1b7c   0x5b8  system_nrf52.o [1]
  .text              ro code       0x2134   0x45c  app_timer2.o [1]
  .text              ro code       0x2590   0x404  drv_rtc.o [1]
  .text              ro code       0x2994    0x68  nrf_sortlist.o [1]
  .text              ro code       0x29fc   0x164  nrf_atfifo.o [1]
  .text              ro code       0x2b60   0x2f0  app_uart_fifo.o [1]
  .text              ro code       0x2e50    0xcc  app_fifo.o [1]
  .text              ro code       0x2f1c    0xf4  nrf_drv_uart.o [1]
  .text              ro code       0x3010    0x20  app_error.o [1]
  .text              ro code       0x3030    0x90  app_error_weak.o [1]
  .text              ro code       0x30c0   0x20c  nrfx_clock.o [1]
  .text              ro code       0x32cc   0x180  Nymble_Sm.o [1]
  .text              ro code       0x344c   0x124  nrf_drv_clock.o [1]
  .text              ro code       0x3570    0xac  Nymble_Uart.o [1]
  .text              ro code       0x361c    0x1e  Nymble_Power.o [1]
  .text              ro code       0x363a     0x2  iar_startup_nrf52.o [1]
  .text              ro code       0x363c    0x7c  Nymble_Msg.o [1]
  .text              ro code       0x36b8    0xec  Nymble_eeprom.o [1]
  .text              ro code       0x37a4    0x54  Nymble_Crc8.o [1]
  .text              ro code       0x37f8    0x84  nrf_pwr_mgmt.o [1]
  .text              ro code       0x387c    0x66  ABImemset.o [4]
  .text              ro code       0x38e2    0x42  nrf_section_iter.o [1]
  log_const_data                   0x3924    0x48  <Block>
    log_const_data   const         0x3924     0x8  app_timer2.o [1]
    log_const_data   const         0x392c     0x8  nrf_drv_clock.o [1]
    log_const_data   const         0x3934     0x8  nrf_log_frontend.o [1]
    log_const_data   const         0x393c     0x8  nrf_pwr_mgmt.o [1]
    log_const_data   const         0x3944     0x8  nrf_sortlist.o [1]
    log_const_data   const         0x394c     0x8  nrfx_clock.o [1]
    log_const_data   const         0x3954     0x8  nrfx_prs.o [1]
    log_const_data   const         0x395c     0x8  nrfx_uart.o [1]
    log_const_data   const         0x3964     0x8  nrfx_uarte.o [1]
  .text              ro code       0x396c    0x28  data_init.o [4]
  Initializer bytes  const         0x3994    0x28  <for P2-1>
  .rodata            const         0x39bc    0x24  drv_rtc.o [1]
  .text              ro code       0x39e0    0x22  fpinit_M.o [3]
  .iar.init_table    const         0x3a04    0x24  - Linker created -
  .text              ro code       0x3a28     0x2  iar_startup_nrf52.o [1]
  .rodata            const         0x3a2c    0x20  app_uart_fifo.o [1]
  .text              ro code       0x3a4c    0x1e  cmain.o [4]
  .text              ro code       0x3a6a     0xc  main.o [1]
  .text              ro code       0x3a76     0x4  exit.o [2]
  .text              ro code       0x3a7a     0x2  iar_startup_nrf52.o [1]
  .text              ro code       0x3a7c     0xa  cexit.o [4]
  .text              ro code       0x3a86     0x2  iar_startup_nrf52.o [1]
  .text              ro code       0x3a88     0xc  XXexit.o [4]
  .text              ro code       0x3a94    0x1c  cstartup_M.o [4]
  .rodata            const         0x3ab0    0x18  nrf_pwr_mgmt.o [1]
  .rodata            const         0x3ac8    0x18  Nymble_Uart.o [1]
  .rodata            const         0x3ae0    0x14  drv_rtc.o [1]
  .rodata            const         0x3af4    0x14  nrf_log_frontend.o [1]
  .rodata            const         0x3b08    0x14  Nymble_Sm.o [1]
  nrf_balloc         const         0x3b1c    0x14  nrf_log_frontend.o [1]
  .rodata            const         0x3b30    0x10  app_error_weak.o [1]
  .text              ro code       0x3b40    0x10  iar_startup_nrf52.o [1]
  .rodata            const         0x3b50     0xc  app_error_weak.o [1]
  .rodata            const         0x3b5c     0xc  app_timer2.o [1]
  .rodata            const         0x3b68     0xc  app_timer2.o [1]
  .rodata            const         0x3b74     0xc  nrf_pwr_mgmt.o [1]
  .rodata            const         0x3b80     0xc  nrf_pwr_mgmt.o [1]
  .rodata            const         0x3b8c     0xc  nrf_sortlist.o [1]
  .rodata            const         0x3b98     0xc  Nymble_Sm.o [1]
  .rodata            const         0x3bb0     0x8  drv_rtc.o [1]
  .rodata            const         0x3bb8     0x8  nrf_drv_clock.o [1]
  .rodata            const         0x3bc0     0x8  nrfx_clock.o [1]
  .rodata            const         0x3bc8     0x8  nrfx_uart.o [1]
  .rodata            const         0x3bd0     0x8  nrfx_uarte.o [1]
  .rodata            const         0x3bd8     0x4  app_timer2.o [1]
  .rodata            const         0x3bdc     0x4  app_timer2.o [1]
  .rodata            const         0x3be0     0x4  nrf_log_frontend.o [1]
  .rodata            const         0x3be4     0x4  nrfx_prs.o [1]
  .rodata            const         0x3be8     0x4  nrfx_uart.o [1]
  .rodata            const         0x3bec     0x4  nrfx_uarte.o [1]
  .rodata            const         0x3bf0     0x4  Nymble_Sm.o [1]
  .text              ro code       0x3bf4     0x2  iar_startup_nrf52.o [1]
  .text              ro code       0x3bf6     0x2  iar_startup_nrf52.o [1]
  .text              ro code       0x3bf8     0x2  iar_startup_nrf52.o [1]
  .text              ro code       0x3bfa     0x2  iar_startup_nrf52.o [1]
  .text              ro code       0x3bfc     0x2  iar_startup_nrf52.o [1]
  .text              ro code       0x3bfe     0x2  iar_startup_nrf52.o [1]
  .text              ro code       0x3c00     0x2  iar_startup_nrf52.o [1]
  .text              ro code       0x3c02     0x2  iar_startup_nrf52.o [1]
  .text              ro code       0x3c04     0x2  iar_startup_nrf52.o [1]
  .text              ro code       0x3c06     0x2  iar_startup_nrf52.o [1]
  .text              ro code       0x3c08     0x2  iar_startup_nrf52.o [1]
  .text              ro code       0x3c0a     0x2  iar_startup_nrf52.o [1]
  .text              ro code       0x3c0c     0x2  iar_startup_nrf52.o [1]
  .text              ro code       0x3c0e     0x2  iar_startup_nrf52.o [1]
  .text              ro code       0x3c10     0x2  iar_startup_nrf52.o [1]
  .text              ro code       0x3c12     0x2  iar_startup_nrf52.o [1]
  .text              ro code       0x3c14     0x2  iar_startup_nrf52.o [1]
  .text              ro code       0x3c16     0x2  iar_startup_nrf52.o [1]
  .text              ro code       0x3c18     0x2  iar_startup_nrf52.o [1]
  .text              ro code       0x3c1a     0x2  iar_startup_nrf52.o [1]
  .text              ro code       0x3c1c     0x2  iar_startup_nrf52.o [1]
  .text              ro code       0x3c1e     0x2  iar_startup_nrf52.o [1]
  .text              ro code       0x3c20     0x2  iar_startup_nrf52.o [1]
  .text              ro code       0x3c22     0x2  iar_startup_nrf52.o [1]
  .text              ro code       0x3c24     0x2  iar_startup_nrf52.o [1]
  .text              ro code       0x3c26     0x2  iar_startup_nrf52.o [1]
  .text              ro code       0x3c28     0x2  iar_startup_nrf52.o [1]
  .text              ro code       0x3c2a     0x2  iar_startup_nrf52.o [1]
  .text              ro code       0x3c2c     0x2  iar_startup_nrf52.o [1]
  .text              ro code       0x3c2e     0x2  iar_startup_nrf52.o [1]
  .text              ro code       0x3c30     0x2  iar_startup_nrf52.o [1]
  .text              ro code       0x3c32     0x2  iar_startup_nrf52.o [1]
  .text              ro code       0x3c34     0x2  iar_startup_nrf52.o [1]
  .text              ro code       0x3c36     0x2  iar_startup_nrf52.o [1]
  .text              ro code       0x3c38     0x2  iar_startup_nrf52.o [1]
  .text              ro code       0x3c3a     0x2  iar_startup_nrf52.o [1]
  .text              ro code       0x3c3c     0x2  iar_startup_nrf52.o [1]
  .text              ro code       0x3c3e     0x2  iar_startup_nrf52.o [1]
  .text              ro code       0x3c40     0x2  iar_startup_nrf52.o [1]
  .rodata            const         0x3c42     0x0  zero_init3.o [4]
  .rodata            const         0x3c42     0x0  copy_init3.o [4]
                                 - 0x3c42  0x3a42

"P2", part 1 of 3:                           0x28
  P2-1                        0x2000'0000    0x28  <Init block>
    .data            inited   0x2000'0000     0x8  app_timer2.o [1]
    .data            inited   0x2000'0008    0x14  app_uart_fifo.o [1]
    .data            inited   0x2000'001c     0x4  Nymble_Sm.o [1]
    .data            inited   0x2000'0020     0x4  Nymble_Sm.o [1]
    .data            inited   0x2000'0024     0x4  system_nrf52.o [1]
                            - 0x2000'0028    0x28

"P2", part 2 of 3:                         0x266c
  .bss               zero     0x2000'0028  0x1000  Nymble_eeprom.o [1]
  .bss               zero     0x2000'1028   0x800  Nymble_Uart.o [1]
  .bss               zero     0x2000'1828   0x800  Nymble_Uart.o [1]
  .bss               zero     0x2000'2028   0x424  nrf_log_frontend.o [1]
  .bss               zero     0x2000'244c    0xc0  nrf_log_frontend.o [1]
  .bss               zero     0x2000'250c    0x58  app_timer2.o [1]
  .bss               zero     0x2000'2564    0x2c  nrfx_uart.o [1]
  .bss               zero     0x2000'2590    0x24  nrfx_uarte.o [1]
  .bss               zero     0x2000'25b4    0x14  nrf_drv_clock.o [1]
  .bss               zero     0x2000'25c8    0x20  Nymble_Sm.o [1]
  .bss               zero     0x2000'25e8    0x10  app_timer2.o [1]
  .bss               zero     0x2000'25f8    0x10  app_uart_fifo.o [1]
  .bss               zero     0x2000'2608    0x10  app_uart_fifo.o [1]
  .bss               zero     0x2000'2618     0xc  nrf_pwr_mgmt.o [1]
  .bss               zero     0x2000'2624     0x4  app_timer2.o [1]
  .bss               zero     0x2000'2628     0x8  app_timer2.o [1]
  .bss               zero     0x2000'2630     0x8  app_timer2.o [1]
  .bss               zero     0x2000'2638     0x8  drv_rtc.o [1]
  .bss               zero     0x2000'2640     0x8  nrf_log_frontend.o [1]
  .bss               zero     0x2000'2648     0x8  nrf_log_frontend.o [1]
  .bss               zero     0x2000'2650     0x8  nrfx_clock.o [1]
  .bss               zero     0x2000'2658     0x8  nrfx_prs.o [1]
  .bss               zero     0x2000'2660     0x4  app_timer2.o [1]
  .bss               zero     0x2000'2664     0x4  app_uart_fifo.o [1]
  .bss               zero     0x2000'2668     0x4  app_util_platform.o [1]
  .bss               zero     0x2000'266c     0x4  drv_rtc.o [1]
  .bss               zero     0x2000'2670     0x4  nrf_drv_uart.o [1]
  .bss               zero     0x2000'2674     0x4  nrf_drv_uart.o [1]
  .bss               zero     0x2000'2678     0x4  nrf_pwr_mgmt.o [1]
  .bss               zero     0x2000'267c     0x4  Nymble_eeprom.o [1]
  .bss               zero     0x2000'2680     0x4  Nymble_Msg.o [1]
  .bss               zero     0x2000'2684     0x4  Nymble_Sm.o [1]
  .bss               zero     0x2000'2688     0x4  Nymble_Sm.o [1]
  .bss               zero     0x2000'268c     0x1  app_timer2.o [1]
  .bss               zero     0x2000'268d     0x1  app_uart_fifo.o [1]
  .bss               zero     0x2000'268e     0x1  app_uart_fifo.o [1]
  .bss               zero     0x2000'268f     0x1  app_uart_fifo.o [1]
  .bss               zero     0x2000'2690     0x1  nrf_drv_uart.o [1]
  .bss               zero     0x2000'2691     0x1  nrf_pwr_mgmt.o [1]
  .bss               zero     0x2000'2692     0x1  Nymble_eeprom.o [1]
  .bss               zero     0x2000'2693     0x1  Nymble_eeprom.o [1]
                            - 0x2000'2694  0x266c

"P2", part 3 of 3:                         0x3a98
  CSTACK                      0x2000'2698  0x3a98  <Block>
    CSTACK           uninit   0x2000'2698  0x3a98  <Block tail>
                            - 0x2000'6130  0x3a98

Unused ranges:

         From           To      Size
         ----           --      ----
       0x3c42     0x7'ffff  0x7'c3be
  0x2000'2694  0x2000'2697       0x4
  0x2000'6130  0x2000'ffff    0x9ed0


*******************************************************************************
*** INIT TABLE
***

          Address      Size
          -------      ----
Zero (__iar_zero_init3)
    1 destination range, total size 0x266c:
          0x2000'0028  0x266c

Copy (__iar_copy_init3)
    1 source range, total size 0x28:
               0x3994    0x28
    1 destination range, total size 0x28:
          0x2000'0000    0x28



*******************************************************************************
*** MODULE SUMMARY
***

    Module               ro code  ro data  rw data
    ------               -------  -------  -------
command line/config:
    ----------------------------------------------
    Total:

C:\Users\akhilf\Downloads\NymbleTest\compiler\iar\_build: [1]
    Nymble_Crc8.o             84
    Nymble_Msg.o             124                 4
    Nymble_Power.o            30
    Nymble_Sm.o              384       44       48
    Nymble_Uart.o            172       24    4'096
    Nymble_eeprom.o          236             4'102
    app_error.o               32
    app_error_weak.o         144       28
    app_fifo.o               204
    app_timer2.o           1'116       48      137
    app_uart_fifo.o          752       52       59
    app_util_platform.o       56                 4
    drv_rtc.o              1'028       64       12
    iar_startup_nrf52.o      614
    main.o                    12
    nrf_atfifo.o             356
    nrf_atomic.o             162
    nrf_balloc.o             150
    nrf_drv_clock.o          292       16       20
    nrf_drv_uart.o           244                 9
    nrf_log_frontend.o     1'588       52    1'268
    nrf_memobj.o             508
    nrf_pwr_mgmt.o           132       56       17
    nrf_section_iter.o        66
    nrf_sortlist.o           104       20
    nrfx_clock.o             524       16        8
    nrfx_prs.o               102       12        8
    nrfx_uart.o            1'896       20       44
    nrfx_uarte.o           1'792       20       36
    system_nrf52.o         1'464        4        4
    ----------------------------------------------
    Total:                14'368      476    9'876

dl7M_tlf.a: [2]
    exit.o                     4
    ----------------------------------------------
    Total:                     4

m7M_tls.a: [3]
    fpinit_M.o                34
    ----------------------------------------------
    Total:                    34

rt7M_tl.a: [4]
    ABImemcpy.o              166
    ABImemset.o              102
    XXexit.o                  12
    cexit.o                   10
    cmain.o                   30
    copy_init3.o              46
    cstartup_M.o              28
    data_init.o               40
    zero_init3.o              58
    ----------------------------------------------
    Total:                   492

    Gaps                               16
    Linker created                     36   15'000
--------------------------------------------------
    Grand Total:          14'898      528   24'876


*******************************************************************************
*** ENTRY LIST
***

Entry                       Address    Size  Type      Object
-----                       -------    ----  ----      ------
.iar.init_table$$Base        0x3a04           --   Gb  - Linker created -
.iar.init_table$$Limit       0x3a28           --   Gb  - Linker created -
?main                        0x3a4d          Code  Gb  cmain.o [4]
CRC8_Compute                 0x37a5    0x54  Code  Gb  Nymble_Crc8.o [1]
CSTACK$$Base            0x2000'2698           --   Gb  - Linker created -
CSTACK$$Limit           0x2000'6130           --   Gb  - Linker created -
CurrentIndex            0x2000'2688     0x4  Data  Gb  Nymble_Sm.o [1]
CyclicCheckTimer             0x3bf0     0x4  Data  Lc  Nymble_Sm.o [1]
CyclicCheckTimer_data   0x2000'25c8    0x20  Data  Lc  Nymble_Sm.o [1]
EEPROM_Erase                 0x36bf    0x28  Code  Gb  Nymble_eeprom.o [1]
EEPROM_GetDataLength         0x36b9     0x6  Code  Gb  Nymble_eeprom.o [1]
EEPROM_Head                  0x36e7     0x6  Code  Gb  Nymble_eeprom.o [1]
EEPROM_Read                  0x3771    0x20  Code  Gb  Nymble_eeprom.o [1]
EEPROM_Write                 0x36ed    0x84  Code  Gb  Nymble_eeprom.o [1]
EepromMemory            0x2000'0028  0x1000  Data  Lc  Nymble_eeprom.o [1]
Eeprom_DataSize         0x2000'267c     0x4  Data  Lc  Nymble_eeprom.o [1]
MSG_AreFlagsSet              0x369b    0x1a  Code  Gb  Nymble_Msg.o [1]
MSG_CheckAndClearFlag        0x3661    0x3a  Code  Gb  Nymble_Msg.o [1]
MSG_SetFlag                  0x363d    0x24  Code  Gb  Nymble_Msg.o [1]
MSG_state               0x2000'2680     0x4  Data  Lc  Nymble_Msg.o [1]
NVIC_ClearPendingIRQ         0x37f9    0x16  Code  Lc  nrf_pwr_mgmt.o [1]
NVIC_EnableIRQ               0x2591    0x18  Code  Lc  drv_rtc.o [1]
NVIC_EnableIRQ               0x30c1    0x16  Code  Lc  nrfx_clock.o [1]
NVIC_EnableIRQ                0x201    0x18  Code  Lc  nrfx_uart.o [1]
NVIC_EnableIRQ                0xa41    0x18  Code  Lc  nrfx_uarte.o [1]
NVIC_SetPendingIRQ           0x25a9    0x18  Code  Lc  drv_rtc.o [1]
NVIC_SetPriority             0x25c1    0x30  Code  Lc  drv_rtc.o [1]
NVIC_SetPriority             0x30d7    0x2c  Code  Lc  nrfx_clock.o [1]
NVIC_SetPriority              0x219    0x30  Code  Lc  nrfx_uart.o [1]
NVIC_SetPriority              0xa59    0x30  Code  Lc  nrfx_uarte.o [1]
NVIC_SystemReset             0x3031    0x24  Code  Lc  app_error_weak.o [1]
NVIC_SystemReset             0x1b7d    0x1e  Code  Lc  system_nrf52.o [1]
NymbleStateMachine           0x331d    0xf4  Code  Gb  Nymble_Sm.o [1]
NymbleStateMachineInit       0x32cd    0x50  Code  Gb  Nymble_Sm.o [1]
POWER_CLOCK_IRQHandler       0x324f    0x52  Code  Gb  nrfx_clock.o [1]
RTC1_IRQHandler              0x2959     0xe  Code  Gb  drv_rtc.o [1]
RecievedCrc8            0x2000'2693     0x1  Data  Lc  Nymble_eeprom.o [1]
RecievedEndOfString     0x2000'2692     0x1  Data  Lc  Nymble_eeprom.o [1]
Region$$Table$$Base          0x3a04           --   Gb  - Linker created -
Region$$Table$$Limit         0x3a28           --   Gb  - Linker created -
SystemCoreClock         0x2000'0024     0x4  Data  Gb  system_nrf52.o [1]
SystemCoreClockUpdate        0x1b9b     0xc  Code  Gb  system_nrf52.o [1]
SystemInit                   0x1ba7   0x22e  Code  Gb  system_nrf52.o [1]
TimerCallBack                0x3411    0x28  Code  Lc  Nymble_Sm.o [1]
UARTE0_UART0_IRQHandler
                              0x969     0xa  Code  Gb  nrfx_prs.o [1]
_NRFX_IRQ_ENABLE             0x2605     0xe  Code  Lc  drv_rtc.o [1]
_NRFX_IRQ_ENABLE             0x311d     0xe  Code  Lc  nrfx_clock.o [1]
_NRFX_IRQ_ENABLE              0x263     0xe  Code  Lc  nrfx_uart.o [1]
_NRFX_IRQ_ENABLE              0xab7     0xe  Code  Lc  nrfx_uarte.o [1]
_NRFX_IRQ_IS_ENABLED         0x312b    0x26  Code  Lc  nrfx_clock.o [1]
_NRFX_IRQ_PRIORITY_SET       0x25f1    0x14  Code  Lc  drv_rtc.o [1]
_NRFX_IRQ_PRIORITY_SET       0x3109    0x14  Code  Lc  nrfx_clock.o [1]
_NRFX_IRQ_PRIORITY_SET        0x24f    0x14  Code  Lc  nrfx_uart.o [1]
_NRFX_IRQ_PRIORITY_SET        0xaa3    0x14  Code  Lc  nrfx_uarte.o [1]
__ICFEDIT_region_RAM_end__ {Abs}
                        0x2000'ffff          Data  Gb  <internal module>
__ICFEDIT_region_RAM_start__ {Abs}
                        0x2000'0000          Data  Gb  <internal module>
__Vectors                       0x0           --   Gb  iar_startup_nrf52.o [1]
__Vectors_End                 0x200          Data  Gb  iar_startup_nrf52.o [1]
__Vectors_Size {Abs}          0x200           --   Gb  iar_startup_nrf52.o [1]
__aeabi_memcpy               0x1aa9          Code  Gb  ABImemcpy.o [4]
__aeabi_memcpy4              0x1ac9          Code  Gb  ABImemcpy.o [4]
__aeabi_memcpy8              0x1ac9          Code  Gb  ABImemcpy.o [4]
__aeabi_memset               0x387d          Code  Gb  ABImemset.o [4]
__cmain                      0x3a4d          Code  Gb  cmain.o [4]
__exit                       0x3a89          Code  Gb  XXexit.o [4]
__iar_Memset                 0x387d          Code  Gb  ABImemset.o [4]
__iar_Memset_word            0x3885          Code  Gb  ABImemset.o [4]
__iar_copy_init3             0x1b4f    0x2e  Code  Gb  copy_init3.o [4]
__iar_data_init3             0x396d    0x28  Code  Gb  data_init.o [4]
__iar_init_vfp               0x39e1          Code  Gb  fpinit_M.o [3]
__iar_program_start          0x3a95          Code  Gb  cstartup_M.o [4]
__iar_zero_init3              0x9cf    0x3a  Code  Gb  zero_init3.o [4]
__vector_table                  0x0          Data  Gb  iar_startup_nrf52.o [1]
_call_main                   0x3a59          Code  Gb  cmain.o [4]
_exit                        0x3a7d          Code  Gb  cexit.o [4]
_main                        0x3a63          Code  Gb  cmain.o [4]
app_error_fault_handler
                             0x3055    0x6c  Code  Wk  app_error_weak.o [1]
app_error_handler_bare       0x3011    0x20  Code  Gb  app_error.o [1]
app_fifo_get                 0x2efd    0x20  Code  Gb  app_fifo.o [1]
app_fifo_init                0x2e9f    0x3a  Code  Gb  app_fifo.o [1]
app_fifo_put                 0x2ed9    0x24  Code  Gb  app_fifo.o [1]
app_timer_cnt_get            0x2557     0xa  Code  Gb  app_timer2.o [1]
app_timer_create             0x24ed    0x28  Code  Gb  app_timer2.o [1]
app_timer_init               0x2499    0x54  Code  Gb  app_timer2.o [1]
app_timer_start              0x2515    0x42  Code  Gb  app_timer2.o [1]
app_uart_get                 0x2da3    0x3e  Code  Gb  app_uart_fifo.o [1]
app_uart_init                0x2ce7    0xbc  Code  Gb  app_uart_fifo.o [1]
app_uart_inst           0x2000'0008    0x14  Data  Lc  app_uart_fifo.o [1]
app_uart_put                 0x2de1    0x46  Code  Gb  app_uart_fifo.o [1]
app_util_critical_region_enter
                              0xa2d     0xa  Code  Gb  app_util_platform.o [1]
app_util_critical_region_exit
                              0xa37     0xa  Code  Gb  app_util_platform.o [1]
app_util_disable_irq          0xa09     0xc  Code  Gb  app_util_platform.o [1]
app_util_enable_irq           0xa15    0x12  Code  Gb  app_util_platform.o [1]
apply_config                  0x3bf    0x7c  Code  Lc  nrfx_uart.o [1]
apply_config                  0xc27    0x7c  Code  Lc  nrfx_uarte.o [1]
buf_prealloc                 0x1301    0xca  Code  Lc  nrf_log_frontend.o [1]
buffer_is_empty              0x144d    0x16  Code  Gb  nrf_log_frontend.o [1]
clock_clk_started_notify
                             0x3507    0x2a  Code  Lc  nrf_drv_clock.o [1]
clock_irq_handler            0x3535    0x2e  Code  Lc  nrf_drv_clock.o [1]
compare_func                 0x2169    0x24  Code  Lc  app_timer2.o [1]
crc_error               0x2000'001c     0x4  Data  Gb  Nymble_Sm.o [1]
dropped_sat16_get            0x1287    0x14  Code  Lc  nrf_log_frontend.o [1]
drv_rtc_compare_disable
                             0x2913    0x14  Code  Gb  drv_rtc.o [1]
drv_rtc_compare_pending
                             0x2927    0x18  Code  Gb  drv_rtc.o [1]
drv_rtc_compare_set          0x2727    0x60  Code  Gb  drv_rtc.o [1]
drv_rtc_counter_get          0x293f     0xc  Code  Gb  drv_rtc.o [1]
drv_rtc_init                 0x268f    0x7c  Code  Gb  drv_rtc.o [1]
drv_rtc_irq_trigger          0x294b     0xe  Code  Gb  drv_rtc.o [1]
drv_rtc_overflow_enable
                             0x28ef    0x14  Code  Gb  drv_rtc.o [1]
drv_rtc_overflow_pending
                             0x2903    0x10  Code  Gb  drv_rtc.o [1]
drv_rtc_start                0x270b     0xe  Code  Gb  drv_rtc.o [1]
drv_rtc_stop                 0x2719     0xe  Code  Gb  drv_rtc.o [1]
drv_rtc_windowed_compare_set
                             0x27ef   0x100  Code  Gb  drv_rtc.o [1]
errata_108                   0x1f83    0x46  Code  Lc  system_nrf52.o [1]
errata_12                    0x1dd5    0x4c  Code  Lc  system_nrf52.o [1]
errata_136                   0x1fc9    0x46  Code  Lc  system_nrf52.o [1]
errata_16                    0x1e21    0x2e  Code  Lc  system_nrf52.o [1]
errata_182                   0x200f    0x18  Code  Lc  system_nrf52.o [1]
errata_31                    0x1e4f    0x46  Code  Lc  system_nrf52.o [1]
errata_32                    0x1e95    0x2a  Code  Lc  system_nrf52.o [1]
errata_36                    0x1ebf    0x46  Code  Lc  system_nrf52.o [1]
errata_37                    0x1f05    0x2a  Code  Lc  system_nrf52.o [1]
errata_57                    0x1f2f    0x2a  Code  Lc  system_nrf52.o [1]
errata_66                    0x1f59    0x2a  Code  Lc  system_nrf52.o [1]
evt_disable                  0x27a9    0x18  Code  Lc  drv_rtc.o [1]
evt_enable                   0x2787    0x22  Code  Lc  drv_rtc.o [1]
evt_pending                  0x27c1    0x26  Code  Lc  drv_rtc.o [1]
exit                         0x3a77     0x4  Code  Gb  exit.o [2]
fifo_get                     0x2e87    0x18  Code  Lc  app_fifo.o [1]
fifo_length                  0x2e51     0xa  Code  Lc  app_fifo.o [1]
fifo_length                  0x2c13     0xa  Code  Lc  app_uart_fifo.o [1]
fifo_peek                    0x2e71    0x16  Code  Lc  app_fifo.o [1]
fifo_put                     0x2e5b    0x16  Code  Lc  app_fifo.o [1]
get_now                      0x2135    0x34  Code  Lc  app_timer2.o [1]
idle_state_handle            0x3633     0x8  Code  Gb  Nymble_Power.o [1]
interrupts_enable             0x43b    0x42  Code  Lc  nrfx_uart.o [1]
interrupts_enable             0xca3    0x60  Code  Lc  nrfx_uarte.o [1]
invalid_packets_omit         0x117d    0x48  Code  Lc  nrf_log_frontend.o [1]
item_dequeue                 0x34a3     0xe  Code  Lc  nrf_drv_clock.o [1]
item_enqueue                 0x3483    0x20  Code  Lc  nrf_drv_clock.o [1]
log_const_data$$Base         0x3924           --   Gb  - Linker created -
log_const_data$$Limit        0x396c           --   Gb  - Linker created -
log_mempool                  0x3b1c    0x14  Data  Gb  nrf_log_frontend.o [1]
log_mempool_nrf_balloc_cb
                        0x2000'2648     0x8  Data  Lc  nrf_log_frontend.o [1]
log_mempool_nrf_balloc_pool_mem
                        0x2000'244c    0xc0  Data  Lc  nrf_log_frontend.o [1]
log_mempool_nrf_balloc_pool_stack
                        0x2000'2640     0x8  Data  Lc  nrf_log_frontend.o [1]
log_skip                     0x11c5    0xc2  Code  Lc  nrf_log_frontend.o [1]
m_app_timer_sortlist         0x3b68     0xc  Data  Lc  app_timer2.o [1]
m_app_timer_sortlist_sortlist_cb
                        0x2000'2660     0x4  Data  Lc  app_timer2.o [1]
m_base_counter          0x2000'2628     0x8  Data  Lc  app_timer2.o [1]
m_cb                    0x2000'2638     0x8  Data  Lc  drv_rtc.o [1]
m_cb                    0x2000'2564    0x2c  Data  Lc  nrfx_uart.o [1]
m_cb                    0x2000'2590    0x24  Data  Lc  nrfx_uarte.o [1]
m_clock_cb              0x2000'25b4    0x14  Data  Lc  nrf_drv_clock.o [1]
m_clock_cb              0x2000'2650     0x8  Data  Lc  nrfx_clock.o [1]
m_contexts              0x2000'2674     0x4  Data  Lc  nrf_drv_uart.o [1]
m_event_handler         0x2000'2664     0x4  Data  Lc  app_uart_fifo.o [1]
m_global_active         0x2000'268c     0x1  Data  Lc  app_timer2.o [1]
m_handlers              0x2000'266c     0x4  Data  Lc  drv_rtc.o [1]
m_handlers              0x2000'2670     0x4  Data  Lc  nrf_drv_uart.o [1]
m_handlers_iter         0x2000'2618     0xc  Data  Lc  nrf_pwr_mgmt.o [1]
m_in_critical_region    0x2000'2668     0x4  Data  Lc  app_util_platform.o [1]
m_log_data              0x2000'2028   0x424  Data  Lc  nrf_log_frontend.o [1]
m_nrf_log_CLOCK_logs_data_const
                             0x394c     0x8  Data  Gb  nrfx_clock.o [1]
m_nrf_log_PRS_logs_data_const
                             0x3954     0x8  Data  Gb  nrfx_prs.o [1]
m_nrf_log_UARTE_logs_data_const
                             0x3964     0x8  Data  Gb  nrfx_uarte.o [1]
m_nrf_log_UART_logs_data_const
                             0x395c     0x8  Data  Gb  nrfx_uart.o [1]
m_nrf_log_app_logs_data_const
                             0x3934     0x8  Data  Gb  nrf_log_frontend.o [1]
m_nrf_log_app_timer_logs_data_const
                             0x3924     0x8  Data  Gb  app_timer2.o [1]
m_nrf_log_clock_logs_data_const
                             0x392c     0x8  Data  Gb  nrf_drv_clock.o [1]
m_nrf_log_pwr_mgmt_logs_data_const
                             0x393c     0x8  Data  Gb  nrf_pwr_mgmt.o [1]
m_nrf_log_sortlist_logs_data_const
                             0x3944     0x8  Data  Gb  nrf_sortlist.o [1]
m_prs_box_4             0x2000'2658     0x8  Data  Lc  nrfx_prs.o [1]
m_req_fifo                   0x3bd8     0x4  Data  Lc  app_timer2.o [1]
m_req_fifo_data         0x2000'250c    0x58  Data  Lc  app_timer2.o [1]
m_req_fifo_inst         0x2000'25e8    0x10  Data  Lc  app_timer2.o [1]
m_rtc_inst              0x2000'0000     0x8  Data  Lc  app_timer2.o [1]
m_rx_fifo               0x2000'25f8    0x10  Data  Lc  app_uart_fifo.o [1]
m_rx_ovf                0x2000'268f     0x1  Data  Lc  app_uart_fifo.o [1]
m_shutdown_started      0x2000'2691     0x1  Data  Lc  nrf_pwr_mgmt.o [1]
m_stamp64               0x2000'2630     0x8  Data  Lc  app_timer2.o [1]
m_sysoff_mtx            0x2000'2678     0x4  Data  Lc  nrf_pwr_mgmt.o [1]
m_tx_fifo               0x2000'2608    0x10  Data  Lc  app_uart_fifo.o [1]
main                         0x3a6b     0xc  Code  Gb  main.o [1]
memobj_op                    0x1913    0xe2  Code  Lc  nrf_memobj.o [1]
mp_active_timer         0x2000'2624     0x4  Data  Lc  app_timer2.o [1]
nrf_atfifo_init              0x2ab5    0x38  Code  Gb  nrf_atfifo.o [1]
nrf_atfifo_item_alloc        0x2aed    0x1e  Code  Gb  nrf_atfifo.o [1]
nrf_atfifo_item_free         0x2b45    0x1c  Code  Gb  nrf_atfifo.o [1]
nrf_atfifo_item_get          0x2b27    0x1e  Code  Gb  nrf_atfifo.o [1]
nrf_atfifo_item_put          0x2b0b    0x1c  Code  Gb  nrf_atfifo.o [1]
nrf_atfifo_rspace_close
                             0x2aa1    0x12  Code  Lc  nrf_atfifo.o [1]
nrf_atfifo_rspace_req        0x2a59    0x48  Code  Lc  nrf_atfifo.o [1]
nrf_atfifo_wspace_close
                             0x2a45    0x12  Code  Lc  nrf_atfifo.o [1]
nrf_atfifo_wspace_req        0x29fd    0x46  Code  Lc  nrf_atfifo.o [1]
nrf_atomic_flag_clear_fetch
                             0x1809     0xe  Code  Gb  nrf_atomic.o [1]
nrf_atomic_flag_set          0x17fb     0xe  Code  Gb  nrf_atomic.o [1]
nrf_atomic_u32_add           0x17c5    0x1a  Code  Gb  nrf_atomic.o [1]
nrf_atomic_u32_fetch_and
                             0x17a9    0x1a  Code  Gb  nrf_atomic.o [1]
nrf_atomic_u32_fetch_store
                             0x1775    0x18  Code  Gb  nrf_atomic.o [1]
nrf_atomic_u32_or            0x178d    0x1a  Code  Gb  nrf_atomic.o [1]
nrf_atomic_u32_sub           0x17e1    0x1a  Code  Gb  nrf_atomic.o [1]
nrf_balloc_alloc             0x1a2f    0x50  Code  Gb  nrf_balloc.o [1]
nrf_balloc_block2idx         0x1a21     0xe  Code  Lc  nrf_balloc.o [1]
nrf_balloc_free              0x1a7f    0x2a  Code  Gb  nrf_balloc.o [1]
nrf_balloc_idx2block         0x1a13     0xe  Code  Lc  nrf_balloc.o [1]
nrf_clock_event_check        0x3187    0x16  Code  Lc  nrfx_clock.o [1]
nrf_clock_event_clear        0x316b    0x1c  Code  Lc  nrfx_clock.o [1]
nrf_clock_int_disable        0x3157     0x6  Code  Lc  nrfx_clock.o [1]
nrf_clock_int_enable         0x3151     0x6  Code  Lc  nrfx_clock.o [1]
nrf_clock_lf_src_set         0x319d     0x6  Code  Lc  nrfx_clock.o [1]
nrf_clock_task_trigger       0x315d     0xe  Code  Lc  nrfx_clock.o [1]
nrf_drv_clock_init           0x344d    0x36  Code  Gb  nrf_drv_clock.o [1]
nrf_drv_clock_lfclk_request
                             0x34b1    0x56  Code  Gb  nrf_drv_clock.o [1]
nrf_drv_uart_init            0x2f79    0x82  Code  Gb  nrf_drv_uart.o [1]
nrf_drv_uart_rx              0x2bd3    0x40  Code  Lc  app_uart_fifo.o [1]
nrf_drv_uart_tx              0x2b61    0x40  Code  Lc  app_uart_fifo.o [1]
nrf_drv_uart_tx_in_progress
                             0x2ba1    0x32  Code  Lc  app_uart_fifo.o [1]
nrf_drv_uart_use_easy_dma
                        0x2000'2690     0x1  Data  Gb  nrf_drv_uart.o [1]
nrf_gpio_cfg                  0x31f    0x48  Code  Lc  nrfx_uart.o [1]
nrf_gpio_cfg                  0xb87    0x48  Code  Lc  nrfx_uarte.o [1]
nrf_gpio_cfg_input            0x381    0x1e  Code  Lc  nrfx_uart.o [1]
nrf_gpio_cfg_input            0xbe9    0x1e  Code  Lc  nrfx_uarte.o [1]
nrf_gpio_cfg_output           0x367    0x1a  Code  Lc  nrfx_uart.o [1]
nrf_gpio_cfg_output           0xbcf    0x1a  Code  Lc  nrfx_uarte.o [1]
nrf_gpio_pin_port_decode
                              0x317     0x8  Code  Lc  nrfx_uart.o [1]
nrf_gpio_pin_port_decode
                              0xb7f     0x8  Code  Lc  nrfx_uarte.o [1]
nrf_gpio_pin_set              0x39f    0x1a  Code  Lc  nrfx_uart.o [1]
nrf_gpio_pin_set              0xc07    0x1a  Code  Lc  nrfx_uarte.o [1]
nrf_gpio_port_out_set         0x3b9     0x6  Code  Lc  nrfx_uart.o [1]
nrf_gpio_port_out_set         0xc21     0x6  Code  Lc  nrfx_uarte.o [1]
nrf_log_backend_enable       0x116f     0x8  Code  Lc  nrf_log_frontend.o [1]
nrf_log_backend_flush        0x1161     0xe  Code  Lc  nrf_log_frontend.o [1]
nrf_log_backend_is_enabled
                             0x1177     0x6  Code  Lc  nrf_log_frontend.o [1]
nrf_log_backend_panic_set
                             0x1153     0xe  Code  Lc  nrf_log_frontend.o [1]
nrf_log_backend_put          0x1141    0x12  Code  Lc  nrf_log_frontend.o [1]
nrf_log_frontend_dequeue
                             0x1463   0x2d0  Code  Gb  nrf_log_frontend.o [1]
nrf_log_frontend_std_0       0x1439    0x14  Code  Gb  nrf_log_frontend.o [1]
nrf_log_panic                0x1733    0x26  Code  Gb  nrf_log_frontend.o [1]
nrf_memobj_alloc             0x1817    0x7e  Code  Gb  nrf_memobj.o [1]
nrf_memobj_free              0x1895    0x4e  Code  Gb  nrf_memobj.o [1]
nrf_memobj_get               0x18e3    0x10  Code  Gb  nrf_memobj.o [1]
nrf_memobj_put               0x18f3    0x20  Code  Gb  nrf_memobj.o [1]
nrf_memobj_write             0x19f5    0x1e  Code  Gb  nrf_memobj.o [1]
nrf_mtx_init                 0x380f     0xa  Code  Lc  nrf_pwr_mgmt.o [1]
nrf_pwr_mgmt_init            0x383f    0x1a  Code  Gb  nrf_pwr_mgmt.o [1]
nrf_pwr_mgmt_run             0x3859     0xe  Code  Gb  nrf_pwr_mgmt.o [1]
nrf_rtc_cc_get               0x2639     0xa  Code  Lc  drv_rtc.o [1]
nrf_rtc_cc_set               0x262f     0xa  Code  Lc  drv_rtc.o [1]
nrf_rtc_counter_get          0x266d     0x6  Code  Lc  drv_rtc.o [1]
nrf_rtc_event_clear          0x2655    0x18  Code  Lc  drv_rtc.o [1]
nrf_rtc_event_disable        0x2689     0x6  Code  Lc  drv_rtc.o [1]
nrf_rtc_event_enable         0x2683     0x6  Code  Lc  drv_rtc.o [1]
nrf_rtc_event_pending        0x264f     0x6  Code  Lc  drv_rtc.o [1]
nrf_rtc_int_disable          0x2649     0x6  Code  Lc  drv_rtc.o [1]
nrf_rtc_int_enable           0x2643     0x6  Code  Lc  drv_rtc.o [1]
nrf_rtc_prescaler_set        0x2673     0x6  Code  Lc  drv_rtc.o [1]
nrf_rtc_task_trigger         0x2679     0xa  Code  Lc  drv_rtc.o [1]
nrf_section_iter_init        0x3911    0x14  Code  Gb  nrf_section_iter.o [1]
nrf_section_iter_item_set
                             0x38e3    0x2e  Code  Lc  nrf_section_iter.o [1]
nrf_sortlist_add             0x2995    0x26  Code  Gb  nrf_sortlist.o [1]
nrf_sortlist_pop             0x29bb    0x1a  Code  Gb  nrf_sortlist.o [1]
nrf_sortlist_remove          0x29d5    0x28  Code  Gb  nrf_sortlist.o [1]
nrf_uart_baudrate_set         0x311     0x6  Code  Lc  nrfx_uart.o [1]
nrf_uart_configure            0x2fd    0x14  Code  Lc  nrfx_uart.o [1]
nrf_uart_enable               0x2c5     0x8  Code  Lc  nrfx_uart.o [1]
nrf_uart_errorsrc_get_and_clear
                              0x2b9     0xc  Code  Lc  nrfx_uart.o [1]
nrf_uart_event_check          0x289    0x12  Code  Lc  nrfx_uart.o [1]
nrf_uart_event_clear          0x271    0x18  Code  Lc  nrfx_uart.o [1]
nrf_uart_hwfc_pins_set        0x2d7     0xa  Code  Lc  nrfx_uart.o [1]
nrf_uart_int_disable          0x2b3     0x6  Code  Lc  nrfx_uart.o [1]
nrf_uart_int_enable           0x29b     0x6  Code  Lc  nrfx_uart.o [1]
nrf_uart_int_enable_check
                              0x2a1    0x12  Code  Lc  nrfx_uart.o [1]
nrf_uart_rxd_get              0x2e1     0x8  Code  Lc  nrfx_uart.o [1]
nrf_uart_task_trigger         0x2f3     0xa  Code  Lc  nrfx_uart.o [1]
nrf_uart_txd_set              0x2e9     0xa  Code  Lc  nrfx_uart.o [1]
nrf_uart_txrx_pins_set        0x2cd     0xa  Code  Lc  nrfx_uart.o [1]
nrf_uarte_baudrate_set        0xb59     0x6  Code  Lc  nrfx_uarte.o [1]
nrf_uarte_configure           0xb45    0x14  Code  Lc  nrfx_uarte.o [1]
nrf_uarte_enable              0xb1f     0x8  Code  Lc  nrfx_uarte.o [1]
nrf_uarte_errorsrc_get_and_clear
                              0xb13     0xc  Code  Lc  nrfx_uarte.o [1]
nrf_uarte_event_check         0xadd    0x12  Code  Lc  nrfx_uarte.o [1]
nrf_uarte_event_clear         0xac5    0x18  Code  Lc  nrfx_uarte.o [1]
nrf_uarte_hwfc_pins_set
                              0xb31     0xa  Code  Lc  nrfx_uarte.o [1]
nrf_uarte_int_disable         0xb0d     0x6  Code  Lc  nrfx_uarte.o [1]
nrf_uarte_int_enable          0xb07     0x6  Code  Lc  nrfx_uarte.o [1]
nrf_uarte_rx_amount_get
                              0xb79     0x6  Code  Lc  nrfx_uarte.o [1]
nrf_uarte_rx_buffer_set
                              0xb6f     0xa  Code  Lc  nrfx_uarte.o [1]
nrf_uarte_shorts_disable
                              0xafb     0xc  Code  Lc  nrfx_uarte.o [1]
nrf_uarte_shorts_enable
                              0xaef     0xc  Code  Lc  nrfx_uarte.o [1]
nrf_uarte_task_trigger        0xb3b     0xa  Code  Lc  nrfx_uarte.o [1]
nrf_uarte_tx_amount_get
                              0xb69     0x6  Code  Lc  nrfx_uarte.o [1]
nrf_uarte_tx_buffer_set
                              0xb5f     0xa  Code  Lc  nrfx_uarte.o [1]
nrf_uarte_txrx_pins_set
                              0xb27     0xa  Code  Lc  nrfx_uarte.o [1]
nrfx_clock_anomaly_132       0x31db    0x2c  Code  Lc  nrfx_clock.o [1]
nrfx_clock_enable            0x3225     0xe  Code  Gb  nrfx_clock.o [1]
nrfx_clock_init              0x3207    0x1e  Code  Gb  nrfx_clock.o [1]
nrfx_clock_lfclk_start       0x3233    0x1c  Code  Gb  nrfx_clock.o [1]
nrfx_coredep_delay_us        0x2613    0x1c  Code  Lc  drv_rtc.o [1]
nrfx_coredep_delay_us::delay_machine_code
                             0x3bb0     0x8  Data  Lc  drv_rtc.o [1]
nrfx_get_irq_number          0x3103     0x6  Code  Lc  nrfx_clock.o [1]
nrfx_get_irq_number           0x249     0x6  Code  Lc  nrfx_uart.o [1]
nrfx_get_irq_number           0xa9d     0x6  Code  Lc  nrfx_uarte.o [1]
nrfx_is_in_ram                0xa89    0x14  Code  Lc  nrfx_uarte.o [1]
nrfx_power_clock_irq_init
                             0x31a3    0x38  Code  Lc  nrfx_clock.o [1]
nrfx_prs_acquire              0x98d    0x42  Code  Gb  nrfx_prs.o [1]
nrfx_uart_0_irq_handler
                              0x93f     0xc  Code  Gb  nrfx_uart.o [1]
nrfx_uart_init                0x47d    0x80  Code  Gb  nrfx_uart.o [1]
nrfx_uart_init::irq_handlers
                             0x3be8     0x4  Data  Lc  nrfx_uart.o [1]
nrfx_uart_rx                  0x661   0x136  Code  Gb  nrfx_uart.o [1]
nrfx_uart_tx                  0x55b    0x8a  Code  Gb  nrfx_uart.o [1]
nrfx_uart_tx_in_progress
                              0x5e5    0x1e  Code  Gb  nrfx_uart.o [1]
nrfx_uarte_0_irq_handler
                             0x1117     0xc  Code  Gb  nrfx_uarte.o [1]
nrfx_uarte_init               0xd03    0x7a  Code  Gb  nrfx_uarte.o [1]
nrfx_uarte_init::irq_handlers
                             0x3bec     0x4  Data  Lc  nrfx_uarte.o [1]
nrfx_uarte_rx                 0xe59   0x13c  Code  Gb  nrfx_uarte.o [1]
nrfx_uarte_tx                 0xd7d    0xbe  Code  Gb  nrfx_uarte.o [1]
nrfx_uarte_tx_in_progress
                              0xe3b    0x1e  Code  Gb  nrfx_uarte.o [1]
on_compare1_evt              0x22f3    0x10  Code  Lc  app_timer2.o [1]
on_compare_evt               0x22d9    0x1a  Code  Lc  app_timer2.o [1]
on_overflow_evt              0x22c5    0x14  Code  Lc  app_timer2.o [1]
power_management_init        0x361d    0x16  Code  Gb  Nymble_Power.o [1]
prevIndex               0x2000'2684     0x4  Data  Gb  Nymble_Sm.o [1]
prs_box_get                   0x973    0x10  Code  Lc  nrfx_prs.o [1]
pwr_mgmt_data                0x3b80     0xc  Data  Lc  nrf_pwr_mgmt.o [1]
pwr_mgmt_data0$$Base            0x0           --   Gb  - Linker created -
pwr_mgmt_data0$$Limit           0x0           --   Gb  - Linker created -
pwr_mgmt_data1$$Base            0x0           --   Gb  - Linker created -
pwr_mgmt_data1$$Limit           0x0           --   Gb  - Linker created -
pwr_mgmt_data2$$Base            0x0           --   Gb  - Linker created -
pwr_mgmt_data2$$Limit           0x0           --   Gb  - Linker created -
pwr_mgmt_data_array          0x3ab0    0x18  Data  Lc  nrf_pwr_mgmt.o [1]
pwr_mgmt_fpu_sleep_prepare
                             0x3819    0x26  Code  Lc  nrf_pwr_mgmt.o [1]
rtc_irq                      0x2417    0x44  Code  Lc  app_timer2.o [1]
rtc_schedule                 0x2209    0x82  Code  Lc  app_timer2.o [1]
rtc_update                   0x2303    0x96  Code  Lc  app_timer2.o [1]
rx_buffer               0x2000'268e     0x1  Data  Lc  app_uart_fifo.o [1]
rx_byte                       0x625    0x3c  Code  Lc  nrfx_uart.o [1]
rx_done_event                 0x797    0x1c  Code  Lc  nrfx_uart.o [1]
rx_done_event                 0xf95    0x1c  Code  Lc  nrfx_uarte.o [1]
rx_enable                     0x603    0x22  Code  Lc  nrfx_uart.o [1]
sorted_list_stop_all         0x22af    0x16  Code  Lc  app_timer2.o [1]
sortlist_peek                0x229d    0x12  Code  Lc  app_timer2.o [1]
sortlist_pop                 0x228b    0x12  Code  Lc  app_timer2.o [1]
std_header_set               0x129b    0x66  Code  Lc  nrf_log_frontend.o [1]
std_n                        0x13cb    0x6e  Code  Lc  nrf_log_frontend.o [1]
string_end_error        0x2000'0020     0x4  Data  Gb  Nymble_Sm.o [1]
ticks_sub                    0x27e7     0x8  Code  Lc  drv_rtc.o [1]
timer_expire                 0x218d    0x7c  Code  Lc  app_timer2.o [1]
timer_req_process            0x2399    0x7e  Code  Lc  app_timer2.o [1]
timer_req_schedule           0x2465    0x34  Code  Lc  app_timer2.o [1]
timer_request_proc_trigger
                             0x245b     0xa  Code  Lc  app_timer2.o [1]
tx_blocking                   0x525    0x36  Code  Lc  nrfx_uart.o [1]
tx_buffer               0x2000'268d     0x1  Data  Lc  app_uart_fifo.o [1]
tx_byte                       0x4fd    0x28  Code  Lc  nrfx_uart.o [1]
tx_done_event                 0x7b3    0x24  Code  Lc  nrfx_uart.o [1]
tx_done_event                 0xfb1    0x24  Code  Lc  nrfx_uarte.o [1]
uart_event_handle            0x3571    0x36  Code  Lc  Nymble_Uart.o [1]
uart_event_handler           0x2c1d    0xca  Code  Lc  app_uart_fifo.o [1]
uart_evt_handler             0x2f4b    0x2e  Code  Lc  nrf_drv_uart.o [1]
uart_init                    0x35cf    0x3c  Code  Gb  Nymble_Uart.o [1]
uart_init{2}{3}::rx_buf
                        0x2000'1028   0x800  Data  Lc  Nymble_Uart.o [1]
uart_init{2}{3}::tx_buf
                        0x2000'1828   0x800  Data  Lc  Nymble_Uart.o [1]
uart_irq_handler              0x7d7   0x168  Code  Lc  nrfx_uart.o [1]
uart_send                    0x35a7    0x28  Code  Gb  Nymble_Uart.o [1]
uarte_evt_handler            0x2f1d    0x2e  Code  Lc  nrf_drv_uart.o [1]
uarte_irq_handler             0xfd5   0x142  Code  Lc  nrfx_uarte.o [1]


[1] = C:\Users\akhilf\Downloads\NymbleTest\compiler\iar\_build
[2] = dl7M_tlf.a
[3] = m7M_tls.a
[4] = rt7M_tl.a

  14'898 bytes of readonly  code memory
     528 bytes of readonly  data memory
  24'876 bytes of readwrite data memory

Errors: none
Warnings: none
